I'm sorry, but errors were detected in your script. Please correct the
errors listed below, and try again.


File "game/forest.rpy", line 145: Line is indented, but the preceding say statement statement does not expect a block. Please check this line's indentation. You may have forgotten a colon (:).
    "???" "Допив эль, ребята продолжили дежурить в полном молчании и лишь изредка обсуждая душные факты из жизни лягушек."
    ^

Ren'Py Version: Ren'Py 8.3.2.24090902
Mon Sep 30 03:00:02 2024
